// Jest Snapshot v1, https://goo.gl/fbAQLP

exports[`should render dashboard component 1`] = `
<div>
  Dashboard page Content
</div>
`;
